// Jest Snapshot v1, https://goo.gl/fbAQLP

exports[`the datepicker is correct 1`] = `[Function]`;
